{'name': 'System Idle Process', 'pid': 0}
{'name': 'System', 'pid': 4}
{'name': 'Registry', 'pid': 124}
{'name': 'smss.exe', 'pid': 472}
{'name': 'msedge.exe', 'pid': 484}
{'name': 'fontdrvhost.exe', 'pid': 496}
{'name': 'svchost.exe', 'pid': 520}
{'name': 'csrss.exe', 'pid': 632}
{'name': 'svchost.exe', 'pid': 800}
{'name': 'wininit.exe', 'pid': 804}
{'name': 'services.exe', 'pid': 880}
{'name': 'lsass.exe', 'pid': 892}
{'name': 'svchost.exe', 'pid': 1012}
{'name': 'svchost.exe', 'pid': 1028}
{'name': 'svchost.exe', 'pid': 1068}
{'name': 'WUDFHost.exe', 'pid': 1176}
{'name': 'msedgewebview2.exe', 'pid': 1224}
{'name': 'TextInputHost.exe', 'pid': 1284}
{'name': 'svchost.exe', 'pid': 1308}
{'name': 'FileCoAuth.exe', 'pid': 1332}
{'name': 'svchost.exe', 'pid': 1348}
{'name': 'svchost.exe', 'pid': 1356}
{'name': 'IntelCpHDCPSvc.exe', 'pid': 1436}
{'name': 'svchost.exe', 'pid': 1444}
{'name': 'svchost.exe', 'pid': 1472}
{'name': 'svchost.exe', 'pid': 1488}
{'name': 'svchost.exe', 'pid': 1560}
{'name': 'svchost.exe', 'pid': 1568}
{'name': 'SecurityHealthSystray.exe', 'pid': 1636}
{'name': 'svchost.exe', 'pid': 1680}
{'name': 'IntelCpHeciSvc.exe', 'pid': 1696}
{'name': 'Code.exe', 'pid': 1776}
{'name': 'svchost.exe', 'pid': 1804}
{'name': 'svchost.exe', 'pid': 1812}
{'name': 'svchost.exe', 'pid': 1892}
{'name': 'Code.exe', 'pid': 1960}
{'name': 'igfxCUIService.exe', 'pid': 2028}
{'name': 'svchost.exe', 'pid': 2104}
{'name': 'svchost.exe', 'pid': 2184}
{'name': 'svchost.exe', 'pid': 2196}
{'name': 'svchost.exe', 'pid': 2204}
{'name': 'svchost.exe', 'pid': 2296}
{'name': 'svchost.exe', 'pid': 2304}
{'name': 'svchost.exe', 'pid': 2404}
{'name': 'MemCompression', 'pid': 2412}
{'name': 'svchost.exe', 'pid': 2432}
{'name': 'taskhostw.exe', 'pid': 2624}
{'name': 'svchost.exe', 'pid': 2712}
{'name': 'svchost.exe', 'pid': 2724}
{'name': 'svchost.exe', 'pid': 2868}
{'name': 'svchost.exe', 'pid': 2920}
{'name': 'RuntimeBroker.exe', 'pid': 2976}
{'name': 'svchost.exe', 'pid': 3044}
{'name': 'svchost.exe', 'pid': 3052}
{'name': 'svchost.exe', 'pid': 3060}
{'name': 'svchost.exe', 'pid': 3152}
{'name': 'svchost.exe', 'pid': 3232}
{'name': 'svchost.exe', 'pid': 3288}
{'name': 'svchost.exe', 'pid': 3332}
{'name': 'spoolsv.exe', 'pid': 3384}
{'name': 'csrss.exe', 'pid': 3468}
{'name': 'svchost.exe', 'pid': 3476}
{'name': 'esif_uf.exe', 'pid': 3508}
{'name': 'svchost.exe', 'pid': 3580}
{'name': 'msedge.exe', 'pid': 3668}
{'name': 'svchost.exe', 'pid': 3696}
{'name': 'msedgewebview2.exe', 'pid': 3736}
{'name': 'svchost.exe', 'pid': 3796}
{'name': 'svchost.exe', 'pid': 3820}
{'name': 'svchost.exe', 'pid': 3832}
{'name': 'svchost.exe', 'pid': 3852}
{'name': 'svchost.exe', 'pid': 3864}
{'name': 'svchost.exe', 'pid': 3872}
{'name': 'svchost.exe', 'pid': 3880}
{'name': 'svchost.exe', 'pid': 3892}
{'name': 'RuntimeBroker.exe', 'pid': 3912}
{'name': 'dasHost.exe', 'pid': 3920}
{'name': 'svchost.exe', 'pid': 3924}
{'name': 'OneApp.IGCC.WinService.exe', 'pid': 3948}
{'name': 'jhi_service.exe', 'pid': 3984}
{'name': 'RtkAudUService64.exe', 'pid': 4000}
{'name': 'WavesSysSvc64.exe', 'pid': 4012}
{'name': 'RstMwService.exe', 'pid': 4020}
{'name': 'WMIRegistrationService.exe', 'pid': 4072}
{'name': 'OneDrive.exe', 'pid': 4080}
{'name': 'ctfmon.exe', 'pid': 4112}
{'name': 'svchost.exe', 'pid': 4208}
{'name': 'svchost.exe', 'pid': 4224}
{'name': 'ShellExperienceHost.exe', 'pid': 4352}
{'name': 'svchost.exe', 'pid': 4392}
{'name': 'svchost.exe', 'pid': 4468}
{'name': 'svchost.exe', 'pid': 4532}
{'name': 'SearchApp.exe', 'pid': 4584}
{'name': 'StartMenuExperienceHost.exe', 'pid': 4608}
{'name': 'svchost.exe', 'pid': 4632}
{'name': 'svchost.exe', 'pid': 4920}
{'name': 'igfxEM.exe', 'pid': 5140}
{'name': 'svchost.exe', 'pid': 5292}
{'name': 'dllhost.exe', 'pid': 5460}
{'name': 'SearchIndexer.exe', 'pid': 5680}
{'name': 'wlanext.exe', 'pid': 5896}
{'name': 'ApplicationFrameHost.exe', 'pid': 6044}
{'name': 'svchost.exe', 'pid': 6084}
{'name': 'svchost.exe', 'pid': 6264}
{'name': 'AggregatorHost.exe', 'pid': 6296}
{'name': 'svchost.exe', 'pid': 6976}
{'name': 'python.exe', 'pid': 7472}
{'name': 'Code.exe', 'pid': 7588}
{'name': 'msedge.exe', 'pid': 8000}
{'name': 'svchost.exe', 'pid': 8012}
{'name': 'svchost.exe', 'pid': 8328}
{'name': 'SystemSettings.exe', 'pid': 8340}
{'name': 'PhoneExperienceHost.exe', 'pid': 8544}
{'name': 'taskhostw.exe', 'pid': 8644}
{'name': 'msedge.exe', 'pid': 8732}
{'name': 'CalculatorApp.exe', 'pid': 9172}
{'name': 'msedgewebview2.exe', 'pid': 9232}
{'name': 'dptf_helper.exe', 'pid': 9404}
{'name': 'svchost.exe', 'pid': 9716}
{'name': 'MoUsoCoreWorker.exe', 'pid': 9860}
{'name': 'SecurityHealthService.exe', 'pid': 10228}
{'name': 'svchost.exe', 'pid': 10336}
{'name': 'svchost.exe', 'pid': 11004}
{'name': 'MsMpEng.exe', 'pid': 11108}
{'name': 'svchost.exe', 'pid': 11148}
{'name': 'svchost.exe', 'pid': 11308}
{'name': 'explorer.exe', 'pid': 11400}
{'name': 'svchost.exe', 'pid': 11468}
{'name': 'Code.exe', 'pid': 11496}
{'name': 'LockApp.exe', 'pid': 11524}
{'name': 'NisSrv.exe', 'pid': 11564}
{'name': 'UserOOBEBroker.exe', 'pid': 11620}
{'name': 'RtkAudUService64.exe', 'pid': 12068}
{'name': 'svchost.exe', 'pid': 12120}
{'name': 'svchost.exe', 'pid': 12136}
{'name': 'svchost.exe', 'pid': 12200}
{'name': 'svchost.exe', 'pid': 12372}
{'name': 'MpDefenderCoreService.exe', 'pid': 12436}
{'name': 'MusNotifyIcon.exe', 'pid': 12632}
{'name': 'SearchApp.exe', 'pid': 13100}
{'name': 'msedgewebview2.exe', 'pid': 13508}
{'name': 'WavesSvc64.exe', 'pid': 13576}
{'name': 'WmiPrvSE.exe', 'pid': 13612}
{'name': 'dllhost.exe', 'pid': 13688}
{'name': 'conhost.exe', 'pid': 14444}
{'name': 'msedge.exe', 'pid': 14652}
{'name': 'msedgewebview2.exe', 'pid': 14840}
{'name': 'svchost.exe', 'pid': 15072}
{'name': 'dwm.exe', 'pid': 15460}
{'name': 'svchost.exe', 'pid': 15480}
{'name': 'sihost.exe', 'pid': 15492}
{'name': 'RuntimeBroker.exe', 'pid': 15656}
{'name': 'RtkAudUService64.exe', 'pid': 15664}
{'name': 'cmd.exe', 'pid': 15780}
{'name': 'RuntimeBroker.exe', 'pid': 15788}
{'name': 'fontdrvhost.exe', 'pid': 16240}
{'name': 'msedge.exe', 'pid': 16288}
{'name': 'RuntimeBroker.exe', 'pid': 16628}
{'name': 'msedge.exe', 'pid': 16820}
{'name': 'Code.exe', 'pid': 16832}
{'name': 'svchost.exe', 'pid': 16952}
{'name': 'Code.exe', 'pid': 17144}
{'name': 'Code.exe', 'pid': 17204}
{'name': 'conhost.exe', 'pid': 17324}
{'name': 'svchost.exe', 'pid': 17500}
{'name': 'RuntimeBroker.exe', 'pid': 17512}
{'name': 'Code.exe', 'pid': 17724}
{'name': 'smartscreen.exe', 'pid': 17768}
{'name': 'winlogon.exe', 'pid': 17816}
{'name': 'msedgewebview2.exe', 'pid': 18264}
